<?xml version="1.0" encoding="UTF-8"?>
<TestRun id="14678b6d-d15f-4be5-9504-aa9e25b07571" name="Harzog8@DARKNESS 2012-05-05 13:43:43" runUser="Darkness\Harzog8" xmlns="http://microsoft.com/schemas/VisualStudio/TeamTest/2010">
  <TestSettings name="Local" id="9d406bd9-cd06-4b33-8769-77004f269272">
    <Description>These are default test settings for a local test run.</Description>
    <Deployment enabled="false" runDeploymentRoot="Harzog8_DARKNESS 2012-05-05 13_43_43">
      <DeploymentItem filename="C:\Users\Harzog8\Desktop\HolaTDD\Calculadora\bin\Debug\Calculadora.dll" />
    </Deployment>
    <Execution>
      <TestTypeSpecific />
      <AgentRule name="Execution Agents">
      </AgentRule>
    </Execution>
  </TestSettings>
  <Times creation="2012-05-05T13:43:43.4208071-05:00" queuing="2012-05-05T13:43:43.5088121-05:00" start="2012-05-05T13:43:43.5368137-05:00" finish="2012-05-05T13:43:44.0128410-05:00" />
  <ResultSummary outcome="Failed">
    <Counters total="5" executed="5" passed="4" error="0" failed="1" timeout="0" aborted="0" inconclusive="0" passedButRunAborted="0" notRunnable="0" notExecuted="0" disconnected="0" warning="0" completed="0" inProgress="0" pending="0" />
  </ResultSummary>
  <TestDefinitions>
    <UnitTest name="MultiplicarDosNumeros" storage="c:\users\harzog8\desktop\holatdd\calculadora.test\bin\debug\calculadora.test.dll" id="aae9163f-3352-9d2e-1e7e-4d0e60ef6032">
      <Execution id="e306ba70-bd77-442e-b216-df5e5f648af0" />
      <TestMethod codeBase="C:/Users/Harzog8/Desktop/HolaTDD/Calculadora.Test/bin/Debug/Calculadora.Test.DLL" adapterTypeName="Microsoft.VisualStudio.TestTools.TestTypes.Unit.UnitTestAdapter, Microsoft.VisualStudio.QualityTools.Tips.UnitTest.Adapter, Version=10.0.0.0, Culture=neutral, PublicKeyToken=b03f5f7f11d50a3a" className="Calculadora.Test.CalculadoraTest, Calculadora.Test, Version=1.0.0.0, Culture=neutral, PublicKeyToken=null" name="MultiplicarDosNumeros" />
    </UnitTest>
    <UnitTest name="DividirDosNumerosResiduoCero" storage="c:\users\harzog8\desktop\holatdd\calculadora.test\bin\debug\calculadora.test.dll" id="8803e230-7f3e-065e-7248-c7ff78508f10">
      <Execution id="759f7029-325c-4cbb-998e-6e07a2803263" />
      <TestMethod codeBase="C:/Users/Harzog8/Desktop/HolaTDD/Calculadora.Test/bin/Debug/Calculadora.Test.DLL" adapterTypeName="Microsoft.VisualStudio.TestTools.TestTypes.Unit.UnitTestAdapter, Microsoft.VisualStudio.QualityTools.Tips.UnitTest.Adapter, Version=10.0.0.0, Culture=neutral, PublicKeyToken=b03f5f7f11d50a3a" className="Calculadora.Test.CalculadoraTest, Calculadora.Test, Version=1.0.0.0, Culture=neutral, PublicKeyToken=null" name="DividirDosNumerosResiduoCero" />
    </UnitTest>
    <UnitTest name="SumarDosNumeros" storage="c:\users\harzog8\desktop\holatdd\calculadora.test\bin\debug\calculadora.test.dll" id="5a548ab0-37a5-58f0-b174-fa2c5b4167f9">
      <Execution id="e9e7e207-f087-4a8d-aaa7-384e81b49f68" />
      <TestMethod codeBase="C:/Users/Harzog8/Desktop/HolaTDD/Calculadora.Test/bin/Debug/Calculadora.Test.DLL" adapterTypeName="Microsoft.VisualStudio.TestTools.TestTypes.Unit.UnitTestAdapter, Microsoft.VisualStudio.QualityTools.Tips.UnitTest.Adapter, Version=10.0.0.0, Culture=neutral, PublicKeyToken=b03f5f7f11d50a3a" className="Calculadora.Test.CalculadoraTest, Calculadora.Test, Version=1.0.0.0, Culture=neutral, PublicKeyToken=null" name="SumarDosNumeros" />
    </UnitTest>
    <UnitTest name="DividirDosNumerosResiduoDiferenteDeCero" storage="c:\users\harzog8\desktop\holatdd\calculadora.test\bin\debug\calculadora.test.dll" id="68af9252-64d7-00c3-9c98-e6fa80df775e">
      <Execution id="cfc299c2-7db6-4ef0-a7ab-795bb691d77a" />
      <TestMethod codeBase="C:/Users/Harzog8/Desktop/HolaTDD/Calculadora.Test/bin/Debug/Calculadora.Test.DLL" adapterTypeName="Microsoft.VisualStudio.TestTools.TestTypes.Unit.UnitTestAdapter, Microsoft.VisualStudio.QualityTools.Tips.UnitTest.Adapter, Version=10.0.0.0, Culture=neutral, PublicKeyToken=b03f5f7f11d50a3a" className="Calculadora.Test.CalculadoraTest, Calculadora.Test, Version=1.0.0.0, Culture=neutral, PublicKeyToken=null" name="DividirDosNumerosResiduoDiferenteDeCero" />
    </UnitTest>
    <UnitTest name="RestarDosNumeros" storage="c:\users\harzog8\desktop\holatdd\calculadora.test\bin\debug\calculadora.test.dll" id="4f853b4b-2c5b-3155-43f2-5a40242f226b">
      <Execution id="434ce66d-0eea-4825-8b66-323f15acae35" />
      <TestMethod codeBase="C:/Users/Harzog8/Desktop/HolaTDD/Calculadora.Test/bin/Debug/Calculadora.Test.DLL" adapterTypeName="Microsoft.VisualStudio.TestTools.TestTypes.Unit.UnitTestAdapter, Microsoft.VisualStudio.QualityTools.Tips.UnitTest.Adapter, Version=10.0.0.0, Culture=neutral, PublicKeyToken=b03f5f7f11d50a3a" className="Calculadora.Test.CalculadoraTest, Calculadora.Test, Version=1.0.0.0, Culture=neutral, PublicKeyToken=null" name="RestarDosNumeros" />
    </UnitTest>
  </TestDefinitions>
  <TestLists>
    <TestList name="Results Not in a List" id="8c84fa94-04c1-424b-9868-57a2d4851a1d" />
    <TestList name="All Loaded Results" id="19431567-8539-422a-85d7-44ee4e166bda" />
  </TestLists>
  <TestEntries>
    <TestEntry testId="4f853b4b-2c5b-3155-43f2-5a40242f226b" executionId="434ce66d-0eea-4825-8b66-323f15acae35" testListId="8c84fa94-04c1-424b-9868-57a2d4851a1d" />
    <TestEntry testId="5a548ab0-37a5-58f0-b174-fa2c5b4167f9" executionId="e9e7e207-f087-4a8d-aaa7-384e81b49f68" testListId="8c84fa94-04c1-424b-9868-57a2d4851a1d" />
    <TestEntry testId="68af9252-64d7-00c3-9c98-e6fa80df775e" executionId="cfc299c2-7db6-4ef0-a7ab-795bb691d77a" testListId="8c84fa94-04c1-424b-9868-57a2d4851a1d" />
    <TestEntry testId="8803e230-7f3e-065e-7248-c7ff78508f10" executionId="759f7029-325c-4cbb-998e-6e07a2803263" testListId="8c84fa94-04c1-424b-9868-57a2d4851a1d" />
    <TestEntry testId="aae9163f-3352-9d2e-1e7e-4d0e60ef6032" executionId="e306ba70-bd77-442e-b216-df5e5f648af0" testListId="8c84fa94-04c1-424b-9868-57a2d4851a1d" />
  </TestEntries>
  <Results>
    <UnitTestResult executionId="434ce66d-0eea-4825-8b66-323f15acae35" testId="4f853b4b-2c5b-3155-43f2-5a40242f226b" testName="RestarDosNumeros" computerName="DARKNESS" duration="00:00:00.0188135" startTime="2012-05-05T13:43:43.5788161-05:00" endTime="2012-05-05T13:43:43.8918340-05:00" testType="13cdc9d9-ddb5-4fa4-a97d-d965ccfc6d4b" outcome="Passed" testListId="8c84fa94-04c1-424b-9868-57a2d4851a1d" relativeResultsDirectory="434ce66d-0eea-4825-8b66-323f15acae35">
    </UnitTestResult>
    <UnitTestResult executionId="e9e7e207-f087-4a8d-aaa7-384e81b49f68" testId="5a548ab0-37a5-58f0-b174-fa2c5b4167f9" testName="SumarDosNumeros" computerName="DARKNESS" duration="00:00:00.0012641" startTime="2012-05-05T13:43:43.9058348-05:00" endTime="2012-05-05T13:43:43.9208357-05:00" testType="13cdc9d9-ddb5-4fa4-a97d-d965ccfc6d4b" outcome="Passed" testListId="8c84fa94-04c1-424b-9868-57a2d4851a1d" relativeResultsDirectory="e9e7e207-f087-4a8d-aaa7-384e81b49f68">
    </UnitTestResult>
    <UnitTestResult executionId="cfc299c2-7db6-4ef0-a7ab-795bb691d77a" testId="68af9252-64d7-00c3-9c98-e6fa80df775e" testName="DividirDosNumerosResiduoDiferenteDeCero" computerName="DARKNESS" duration="00:00:00.0345658" startTime="2012-05-05T13:43:43.9248359-05:00" endTime="2012-05-05T13:43:43.9738387-05:00" testType="13cdc9d9-ddb5-4fa4-a97d-d965ccfc6d4b" outcome="Failed" testListId="8c84fa94-04c1-424b-9868-57a2d4851a1d" relativeResultsDirectory="cfc299c2-7db6-4ef0-a7ab-795bb691d77a">
      <Output>
        <ErrorInfo>
          <Message>Assert.AreEqual failed. Expected:&lt;4,5&gt;. Actual:&lt;7&gt;. </Message>
          <StackTrace>   en Calculadora.Test.CalculadoraTest.DividirDosNumerosResiduoDiferenteDeCero() en C:\Users\Harzog8\Desktop\HolaTDD\Calculadora.Test\CalculadoraTest.cs:línea 47
</StackTrace>
        </ErrorInfo>
      </Output>
    </UnitTestResult>
    <UnitTestResult executionId="759f7029-325c-4cbb-998e-6e07a2803263" testId="8803e230-7f3e-065e-7248-c7ff78508f10" testName="DividirDosNumerosResiduoCero" computerName="DARKNESS" duration="00:00:00.0003607" startTime="2012-05-05T13:43:43.9758388-05:00" endTime="2012-05-05T13:43:43.9798391-05:00" testType="13cdc9d9-ddb5-4fa4-a97d-d965ccfc6d4b" outcome="Passed" testListId="8c84fa94-04c1-424b-9868-57a2d4851a1d" relativeResultsDirectory="759f7029-325c-4cbb-998e-6e07a2803263">
    </UnitTestResult>
    <UnitTestResult executionId="e306ba70-bd77-442e-b216-df5e5f648af0" testId="aae9163f-3352-9d2e-1e7e-4d0e60ef6032" testName="MultiplicarDosNumeros" computerName="DARKNESS" duration="00:00:00.0003383" startTime="2012-05-05T13:43:43.9818392-05:00" endTime="2012-05-05T13:43:43.9848394-05:00" testType="13cdc9d9-ddb5-4fa4-a97d-d965ccfc6d4b" outcome="Passed" testListId="8c84fa94-04c1-424b-9868-57a2d4851a1d" relativeResultsDirectory="e306ba70-bd77-442e-b216-df5e5f648af0">
    </UnitTestResult>
  </Results>
</TestRun>