<?xml version="1.0" encoding="UTF-8"?>
<TestRun id="bb7d73e9-785c-4968-8336-2f3430a14f23" name="Harzog8@DARKNESS 2012-05-05 13:45:48" runUser="Darkness\Harzog8" xmlns="http://microsoft.com/schemas/VisualStudio/TeamTest/2010">
  <TestSettings name="Local" id="9d406bd9-cd06-4b33-8769-77004f269272">
    <Description>These are default test settings for a local test run.</Description>
    <Deployment enabled="false" runDeploymentRoot="Harzog8_DARKNESS 2012-05-05 13_45_48">
      <DeploymentItem filename="C:\Users\Harzog8\Desktop\HolaTDD\Calculadora\bin\Debug\Calculadora.dll" />
    </Deployment>
    <Execution>
      <TestTypeSpecific />
      <AgentRule name="Execution Agents">
      </AgentRule>
    </Execution>
  </TestSettings>
  <Times creation="2012-05-05T13:45:48.4459581-05:00" queuing="2012-05-05T13:45:48.5169622-05:00" start="2012-05-05T13:45:48.6019670-05:00" finish="2012-05-05T13:45:49.0129906-05:00" />
  <ResultSummary outcome="Failed">
    <Counters total="1" executed="1" error="0" failed="1" timeout="0" aborted="0" inconclusive="0" passedButRunAborted="0" notRunnable="0" notExecuted="0" disconnected="0" warning="0" passed="0" completed="0" inProgress="0" pending="0" />
  </ResultSummary>
  <TestDefinitions>
    <UnitTest name="DividirDosNumerosResiduoDiferenteDeCero" storage="c:\users\harzog8\desktop\holatdd\calculadora.test\bin\debug\calculadora.test.dll" id="68af9252-64d7-00c3-9c98-e6fa80df775e">
      <Execution id="1067b27c-cb23-4b64-80c1-8d133447674c" />
      <TestMethod codeBase="C:/Users/Harzog8/Desktop/HolaTDD/Calculadora.Test/bin/Debug/Calculadora.Test.DLL" adapterTypeName="Microsoft.VisualStudio.TestTools.TestTypes.Unit.UnitTestAdapter, Microsoft.VisualStudio.QualityTools.Tips.UnitTest.Adapter, Version=10.0.0.0, Culture=neutral, PublicKeyToken=b03f5f7f11d50a3a" className="Calculadora.Test.CalculadoraTest, Calculadora.Test, Version=1.0.0.0, Culture=neutral, PublicKeyToken=null" name="DividirDosNumerosResiduoDiferenteDeCero" />
    </UnitTest>
  </TestDefinitions>
  <TestLists>
    <TestList name="Results Not in a List" id="8c84fa94-04c1-424b-9868-57a2d4851a1d" />
    <TestList name="All Loaded Results" id="19431567-8539-422a-85d7-44ee4e166bda" />
  </TestLists>
  <TestEntries>
    <TestEntry testId="68af9252-64d7-00c3-9c98-e6fa80df775e" executionId="1067b27c-cb23-4b64-80c1-8d133447674c" testListId="8c84fa94-04c1-424b-9868-57a2d4851a1d" />
  </TestEntries>
  <Results>
    <UnitTestResult executionId="1067b27c-cb23-4b64-80c1-8d133447674c" testId="68af9252-64d7-00c3-9c98-e6fa80df775e" testName="DividirDosNumerosResiduoDiferenteDeCero" computerName="DARKNESS" duration="00:00:00.0486863" startTime="2012-05-05T13:45:48.6189680-05:00" endTime="2012-05-05T13:45:48.9709881-05:00" testType="13cdc9d9-ddb5-4fa4-a97d-d965ccfc6d4b" outcome="Failed" testListId="8c84fa94-04c1-424b-9868-57a2d4851a1d" relativeResultsDirectory="1067b27c-cb23-4b64-80c1-8d133447674c">
      <Output>
        <ErrorInfo>
          <Message>Assert.AreEqual failed. Expected:&lt;4,5&gt;. Actual:&lt;7&gt;. </Message>
          <StackTrace>   en Calculadora.Test.CalculadoraTest.DividirDosNumerosResiduoDiferenteDeCero() en C:\Users\Harzog8\Desktop\HolaTDD\Calculadora.Test\CalculadoraTest.cs:línea 47
</StackTrace>
        </ErrorInfo>
      </Output>
    </UnitTestResult>
  </Results>
</TestRun>